KITH_GATEWAY_1 {
    global:
        kith_gateway_register_delivery;
        kith_gateway_create;
        kith_gateway_destroy;
        kith_gateway_session_create;
        kith_gateway_session_destroy;
        kith_gateway_session_acquire;
        kith_gateway_session_release;
        kith_gateway_session_info;
        kith_gateway_session_conn;
        kith_gateway_session_bind_actor;
        kith_gateway_session_window_add;
        kith_gateway_session_window_remove;
        kith_gateway_session_window_clear;
        kith_gateway_session_populate;
        kith_gateway_session_window_count;
        kith_gateway_session_count;
        kith_gateway_session_snapshot;
        kith_gateway_register_handler;
        kith_gateway_register_handler_flags;
        kith_gateway_attach_worker_pool;
        kith_gateway_unregister_handler;
        kith_gateway_register_session_destroyed_handler;
        kith_gateway_register_session_destroyed_handler_flags;
        kith_gateway_unregister_session_destroyed_handler;
        kith_gateway_dispatch;
        kith_gateway_dispatch_drops;
        kith_gateway_lifecycle_drops;
        kith_gateway_window_add_failures;
        kith_gateway_window_retry_adds;
        kith_gateway_window_retries_pending;
        kith_gateway_sessions_without_cells;
        kith_gateway_subscribe;
        kith_gateway_unsubscribe;
        kith_gateway_cache_refresh;
        kith_gateway_cache_snapshot_cell;
        kith_gateway_cache_stats;
        kith_gateway_phase_stats;
        kith_gateway_compose_stats;
        kith_gateway_compose_skips;
        kith_gateway_compose_deferrals;
        kith_gateway_view_locate_failures;
        kith_gateway_delivery_executor_stats;
        kith_gateway_delivery_totals;
        kith_gateway_session_delivery_totals;
        kith_gateway_view_totals;
        kith_gateway_view_refresh;
        kith_gateway_view_snapshot;
        kith_gateway_deliver_frame;
        kith_gateway_broadcast_cell;
        kith_gateway_broadcast_refusals;
        kith_gateway_broadcast_drops;
        kith_gateway_deliver;
        kith_gateway_tick;
    local:
        *;
};
